// Vitest Snapshot v1

exports[`generateSidebarFooter > generates component correctly 1`] = `
<div
  class="_container_168f0e"
>
  <button
    class="_footerButton_168f0e"
    data-test="sidebarImportButton"
  >
    Import
  </button>
  <button
    class="_footerButton_168f0e"
    data-test="sidebarArchiveButton"
  >
    Archiv
  </button>
</div>
`;
