// Vitest Snapshot v1

exports[`generateSidebarFooter > generates component correctly 1`] = `
<div
  class="container"
>
  <button
    class="footerButton"
    data-test="sidebarImportButton"
  >
    Import
  </button>
  <button
    class="footerButton"
    data-test="sidebarArchiveButton"
  >
    Archiv
  </button>
</div>
`;
