// Vitest Snapshot v1

exports[`generateButton > generates component correctly 1`] = `
<div
  class="container"
>
  <input
    class="input"
    placeholder="Neuer Eintrag"
    type="text"
  />
  <button
    class="button addButton"
    disabled=""
  >
    <img
      class="icon"
      src="/src/assets/add-icon.svg"
    />
  </button>
</div>
`;
