// Vitest Snapshot v1

exports[`generateHeader > generates component correctly 1`] = `
<header
  class="header"
>
  <div
    class="logoTitleWrapper"
  >
    <img
      class="headerLogo"
      src="/src/assets/ci-logo.png"
    />
    <h1
      class="headerTitle"
    >
      Wheel
    </h1>
  </div>
  <div
    class="menuButtonWrapper"
  >
    <button
      class="button sidebarToggle"
    >
      <img
        class="icon"
        src="/src/assets/menu-icon.svg"
      />
    </button>
    <button
      class="button sidebarToggle hidden"
    >
      <img
        class="icon"
        src="/src/assets/arrow-back-icon.svg"
      />
    </button>
  </div>
</header>
`;
