// Vitest Snapshot v1

exports[`generateModal > generates component correctly 1`] = `
<div
  class="container"
>
  <div
    class="content"
  >
    <div
      class="header"
    >
      <h2
        class="headerText"
      >
        Title
      </h2>
      <button
        class="button closeButton"
      >
        <img
          class="icon"
          src="/src/assets/close-icon.svg"
        />
      </button>
    </div>
    <div>
      Content
    </div>
  </div>
</div>
`;
