// Vitest Snapshot v1

exports[`generateSpinner > generates component correctly 1`] = `
<div
  class="_spinner_5021d3"
  style="transition: 2s;"
>
  <div
    class="_segment_1f8024"
    style="transform: rotate(0deg); clip-path: polygon(
      calc(50% + 5px) 0%,
      100% 0%,
      100% 100%,
      calc(50% + 5px) 100%
    ); background-color: rgb(0, 190, 255);"
  >
    <span
      class="_label_1f8024"
      style="width: calc(50% - 1.5rem - 48px);"
      title="Test"
    >
      Test
    </span>
  </div>
  <div
    class="_segment_1f8024"
    style="transform: rotate(180deg); clip-path: polygon(
      calc(50% + 5px) 0%,
      100% 0%,
      100% 100%,
      calc(50% + 5px) 100%
    ); background-color: rgb(255, 19, 20);"
  >
    <span
      class="_label_1f8024"
      style="width: calc(50% - 1.5rem - 48px);"
      title="Test2"
    >
      Test2
    </span>
  </div>
</div>
`;
