// Vitest Snapshot v1

exports[`generateArchiveModal > generates component correctly 1`] = `
<div
  class="container"
>
  <div
    class="content"
  >
    <div
      class="header"
    >
      <h2
        class="headerText"
      >
        Archiv
      </h2>
      <button
        class="button closeButton"
        data-test="modalCloseButton"
      >
        <img
          class="icon"
          src="/src/assets/close-icon.svg"
        />
      </button>
    </div>
    <div
      class="archiveModalContainer"
    >
      <div
        class="column"
      >
        <h3
          class="header"
        >
          Aktuell
        </h3>
        <ul
          class="listContainer"
        >
          <li
            class="entry is-draggable"
          >
            Test 1
          </li>
          <li
            class="entry is-draggable"
          >
            Test 2
          </li>
        </ul>
      </div>
      <div
        class="column"
      >
        <h3
          class="header"
        >
          Alt
        </h3>
        <ul
          class="listContainer"
        />
      </div>
      <div
        class="removalContainer"
      >
        <img
          class="removalImage"
          src="/src/assets/delete-icon.svg"
        />
      </div>
    </div>
  </div>
</div>
`;
