// Jest Snapshot v1, https://goo.gl/fbAQLP

exports[`generateModal generates component correctly 1`] = `
<div
  class="container"
>
  <div
    class="content"
  >
    <div
      class="header"
    >
      <h2
        class="headerText"
      >
        Ergebnis:
      </h2>
      <button
        class="button closeButton"
      >
        <img
          class="icon"
          src="test-file-stub"
        />
      </button>
    </div>
    <li
      class="container"
    >
      <span
        class="label"
      >
        Test
      </span>
      <button
        class="button deleteButton"
      >
        <img
          class="icon"
          src="test-file-stub"
        />
      </button>
    </li>
  </div>
</div>
`;
