// Vitest Snapshot v1

exports[`generateModal > generates component correctly 1`] = `
<div
  class="_container_0360d7"
>
  <div
    class="_content_0360d7"
  >
    <div
      class="_header_0360d7"
    >
      <h2
        class="_headerText_0360d7"
      >
        Ergebnis:
      </h2>
      <button
        class="_button_7c1f96 _closeButton_0360d7"
        data-test="modalCloseButton"
      >
        <img
          class="_icon_7c1f96"
          src="/src/assets/close-icon.svg"
        />
      </button>
    </div>
    <div>
      <div
        class="_resultContainer_7299e4"
      >
        <span
          class="_resultLabel_7299e4"
        >
          Test
        </span>
      </div>
    </div>
  </div>
</div>
`;
