// Vitest Snapshot v1

exports[`generateSidebar > generates component correctly 1`] = `
<div
  class="_sidebar_18b422"
  hidden=""
  id="sidebar"
>
  <div
    class="_container_fc15b0"
  >
    <input
      class="_input_6ed02a"
      data-test="sidebarInput"
      placeholder="Neuer Eintrag"
      type="text"
    />
    <button
      class="_button_7c1f96 _addButton_fc15b0"
      data-test="sidebarInputButton"
      disabled=""
    >
      <img
        class="_icon_7c1f96"
        src="/src/assets/add-icon.svg"
      />
    </button>
  </div>
  <ul
    class="_listContainer_d42e02"
  >
    <li
      class="_container_1761de"
    >
      <span
        class="_label_1761de"
        data-test="listEntryLabel"
      >
        Test 1
      </span>
      <div
        class="_buttonWrapper_1761de"
      >
        <button
          class="_button_7c1f96 _button_1761de"
          data-test="listEntryDeleteButton"
        >
          <img
            class="_icon_7c1f96"
            src="/src/assets/delete-icon.svg"
          />
        </button>
      </div>
    </li>
    <li
      class="_container_1761de"
    >
      <span
        class="_label_1761de"
        data-test="listEntryLabel"
      >
        Test 2
      </span>
      <div
        class="_buttonWrapper_1761de"
      >
        <button
          class="_button_7c1f96 _button_1761de"
          data-test="listEntryDeleteButton"
        >
          <img
            class="_icon_7c1f96"
            src="/src/assets/delete-icon.svg"
          />
        </button>
      </div>
    </li>
  </ul>
  <div
    class="_container_168f0e"
  >
    <button
      class="_footerButton_168f0e"
      data-test="sidebarImportButton"
    >
      Import
    </button>
    <button
      class="_footerButton_168f0e"
      data-test="sidebarArchiveButton"
    >
      Archiv
    </button>
  </div>
</div>
`;
