// Vitest Snapshot v1

exports[`generateSidebar > generates component correctly 1`] = `
<div
  class="sidebar"
  hidden=""
  id="sidebar"
>
  <div
    class="container"
  >
    <input
      class="input"
      data-test="sidebarInput"
      placeholder="Neuer Eintrag"
      type="text"
    />
    <button
      class="button addButton"
      data-test="sidebarInputButton"
      disabled=""
    >
      <img
        class="icon"
        src="/src/assets/add-icon.svg"
      />
    </button>
  </div>
  <ul
    class="listContainer"
  >
    <li
      class="container"
    >
      <span
        class="label"
      >
        Test 1
      </span>
      <button
        class="button deleteButton"
        data-test="listEntryDeleteButton"
      >
        <img
          class="icon"
          src="/src/assets/delete-icon.svg"
        />
      </button>
    </li>
    <li
      class="container"
    >
      <span
        class="label"
      >
        Test 2
      </span>
      <button
        class="button deleteButton"
        data-test="listEntryDeleteButton"
      >
        <img
          class="icon"
          src="/src/assets/delete-icon.svg"
        />
      </button>
    </li>
  </ul>
  <div
    class="container"
  >
    <button
      class="footerButton"
      data-test="sidebarImportButton"
    >
      Import
    </button>
    <button
      class="footerButton"
      data-test="sidebarArchiveButton"
    >
      Archiv
    </button>
  </div>
</div>
`;
