// Vitest Snapshot v1

exports[`generateListEntry > generates component correctly 1`] = `
<li
  class="container"
>
  <span
    class="label"
    id="entryLabel"
  >
    Test
  </span>
  <button
    class="button deleteButton"
    data-test="listEntryDeleteButton"
  >
    <img
      class="icon"
      src="/src/assets/delete-icon.svg"
    />
  </button>
</li>
`;
