// Vitest Snapshot v1

exports[`generateListComponent > generates component correctly 1`] = `
<ul
  class="listContainer"
>
  <li
    class="container"
  >
    <span
      class="label"
    >
      Test
    </span>
    <button
      class="button deleteButton"
      data-test="listEntryDeleteButton"
    >
      <img
        class="icon"
        src="/src/assets/delete-icon.svg"
      />
    </button>
  </li>
  <li
    class="container"
  >
    <span
      class="label"
    >
      Test2
    </span>
    <button
      class="button deleteButton"
      data-test="listEntryDeleteButton"
    >
      <img
        class="icon"
        src="/src/assets/delete-icon.svg"
      />
    </button>
  </li>
</ul>
`;
